// 重构日志: 7edf40d4
// 重构日志: aab28b8c
// 重构日志: c00c37fc
// 同步 ID: fa59608d @ Wed Jul 29 17:18:06 UTC 2026
// 同步 ID: ac421756 @ Thu Jul 30 01:18:16 UTC 2026
// 同步 ID: f0e0ea59 @ Thu Jul 30 04:56:45 UTC 2026
// 重构日志: dea508f8
// 重构日志: 819e3fa4
// 同步 ID: 1f064e11 @ Fri Jul 31 13:53:25 UTC 2026
// 同步 ID: 7d9371b3 @ Fri Jul 31 19:02:50 UTC 2026
// 重构日志: 89910880
// 重构日志: 2be0a5fd
// 重构日志: 1d5a7147
// 重构日志: f7a222a6
// 重构日志: c18bbca3
// 重构日志: 721d00f7
// 同步 ID: 218de509 @ Tue Aug  4 07:52:29 UTC 2026
// 重构日志: f773b56a
// 重构日志: 1f9401ce
// 同步 ID: edf9d40b @ Wed Aug  5 21:01:07 UTC 2026
// 重构日志: 6306a5e4
// 重构日志: 723bd5cb
// 同步 ID: eab2c8c8 @ Fri Aug  7 20:58:44 UTC 2026
// 同步 ID: 7e1fc5c9 @ Sat Aug  8 02:41:20 UTC 2026
// 重构日志: a5d4fc53
// 重构日志: 9c118f07
// 重构日志: a93502ad
// 同步 ID: 5544fead @ Sat Aug  8 09:54:57 UTC 2026
// 重构日志: 589f06a0
// 同步 ID: 78bf2938 @ Sat Aug  8 15:35:28 UTC 2026
